[0.065s][info][gc] Using The Z Garbage Collector
[10.580s][info][gc] GC(0) Garbage Collection (Warmup) 16M(12%)->10M(8%)
[38.470s][info][gc] GC(1) Garbage Collection (Warmup) 26M(20%)->8M(6%)
[255.563s][info][gc] GC(2) Garbage Collection (Warmup) 40M(31%)->8M(6%)
[327.672s][info][gc] GC(3) Garbage Collection (Proactive) 22M(17%)->8M(6%)
[419.459s][info][gc] GC(4) Garbage Collection (Proactive) 22M(17%)->8M(6%)
[441.967s][info][gc] GC(5) Garbage Collection (Proactive) 46M(36%)->8M(6%)
[517.769s][info][gc] GC(6) Garbage Collection (Proactive) 22M(17%)->8M(6%)
[611.275s][info][gc] GC(7) Garbage Collection (Proactive) 22M(17%)->8M(6%)
[687.961s][info][gc] GC(8) Garbage Collection (Proactive) 22M(17%)->10M(8%)
[780.966s][info][gc] GC(9) Garbage Collection (Proactive) 24M(19%)->8M(6%)
[876.064s][info][gc] GC(10) Garbage Collection (Proactive) 22M(17%)->8M(6%)
[969.165s][info][gc] GC(11) Garbage Collection (Proactive) 22M(17%)->8M(6%)
[1063.165s][info][gc] GC(12) Garbage Collection (Proactive) 22M(17%)->10M(8%)
[1175.261s][info][gc] GC(13) Garbage Collection (Proactive) 24M(19%)->8M(6%)
[1268.368s][info][gc] GC(14) Garbage Collection (Proactive) 22M(17%)->8M(6%)
[1364.464s][info][gc] GC(15) Garbage Collection (Proactive) 22M(17%)->8M(6%)
