[0.009s][info][gc] Using Parallel
[1.176s][info][gc] GC(0) Pause Young (Allocation Failure) 3M->1M(11M) 12.842ms
[12.200s][info][gc] GC(1) Pause Young (Allocation Failure) 4M->2M(11M) 1.813ms
[12.271s][info][gc] GC(2) Pause Young (Allocation Failure) 5M->3M(11M) 1.883ms
[12.325s][info][gc] GC(3) Pause Young (Allocation Failure) 6M->3M(11M) 2.410ms
[12.358s][info][gc] GC(4) Pause Young (Allocation Failure) 6M->5M(11M) 2.834ms
[12.595s][info][gc] GC(5) Pause Young (Allocation Failure) 8M->6M(10M) 3.189ms
[12.758s][info][gc] GC(6) Pause Young (Allocation Failure) 8M->6M(11M) 2.248ms
[12.891s][info][gc] GC(7) Pause Young (Allocation Failure) 8M->7M(11M) 1.267ms
[12.906s][info][gc] GC(8) Pause Full (Ergonomics) 7M->4M(11M) 15.867ms
[22.906s][info][gc] GC(9) Pause Young (Allocation Failure) 6M->4M(11M) 0.669ms
[34.898s][info][gc] GC(10) Pause Young (Allocation Failure) 6M->4M(11M) 0.396ms
[53.891s][info][gc] GC(11) Pause Young (Allocation Failure) 6M->4M(11M) 0.711ms
[71.931s][info][gc] GC(12) Pause Young (Allocation Failure) 6M->4M(11M) 0.241ms
[81.940s][info][gc] GC(13) Pause Young (Allocation Failure) 6M->5M(11M) 0.460ms
[100.950s][info][gc] GC(14) Pause Young (Allocation Failure) 7M->5M(11M) 0.350ms
[120.922s][info][gc] GC(15) Pause Young (Allocation Failure) 7M->5M(11M) 0.405ms
[139.004s][info][gc] GC(16) Pause Young (Allocation Failure) 7M->5M(11M) 0.297ms
[143.015s][info][gc] GC(17) Pause Young (Allocation Failure) 7M->6M(11M) 0.500ms
[143.037s][info][gc] GC(18) Pause Full (Ergonomics) 6M->5M(11M) 22.157ms
[143.050s][info][gc] GC(19) Pause Young (Allocation Failure) 7M->5M(11M) 0.336ms
[143.061s][info][gc] GC(20) Pause Young (Allocation Failure) 7M->5M(11M) 0.226ms
[143.064s][info][gc] GC(21) Pause Young (Allocation Failure) 7M->6M(11M) 0.203ms
[143.066s][info][gc] GC(22) Pause Young (Allocation Failure) 8M->6M(11M) 0.195ms
[143.069s][info][gc] GC(23) Pause Young (Allocation Failure) 8M->6M(11M) 0.209ms
[143.071s][info][gc] GC(24) Pause Young (Allocation Failure) 8M->6M(11M) 0.253ms
[143.074s][info][gc] GC(25) Pause Young (Allocation Failure) 8M->6M(11M) 0.229ms
[143.077s][info][gc] GC(26) Pause Young (Allocation Failure) 8M->6M(11M) 0.225ms
[143.079s][info][gc] GC(27) Pause Young (Allocation Failure) 8M->6M(11M) 0.182ms
[143.082s][info][gc] GC(28) Pause Young (Allocation Failure) 8M->7M(11M) 0.181ms
[143.084s][info][gc] GC(29) Pause Young (Allocation Failure) 8M->7M(11M) 0.204ms
[143.093s][info][gc] GC(30) Pause Full (Ergonomics) 7M->6M(11M) 9.225ms
[143.096s][info][gc] GC(31) Pause Young (Allocation Failure) 8M->6M(11M) 0.168ms
[143.098s][info][gc] GC(32) Pause Young (Allocation Failure) 8M->7M(11M) 0.142ms
[152.993s][info][gc] GC(33) Pause Young (Allocation Failure) 9M->6M(11M) 0.242ms
[173.009s][info][gc] GC(34) Pause Young (Allocation Failure) 8M->6M(11M) 0.314ms
[193.020s][info][gc] GC(35) Pause Young (Allocation Failure) 8M->6M(11M) 0.363ms
[212.938s][info][gc] GC(36) Pause Young (Allocation Failure) 8M->6M(11M) 0.344ms
[232.050s][info][gc] GC(37) Pause Young (Allocation Failure) 8M->6M(11M) 0.428ms
[249.026s][info][gc] GC(38) Pause Young (Allocation Failure) 8M->6M(11M) 0.288ms
[259.086s][info][gc] GC(39) Pause Young (Allocation Failure) 8M->7M(11M) 0.388ms
[278.959s][info][gc] GC(40) Pause Young (Allocation Failure) 9M->6M(11M) 0.207ms
[298.967s][info][gc] GC(41) Pause Young (Allocation Failure) 8M->6M(11M) 0.287ms
[317.971s][info][gc] GC(42) Pause Young (Allocation Failure) 8M->6M(11M) 0.374ms
[328.142s][info][gc] GC(43) Pause Young (Allocation Failure) 8M->7M(11M) 0.373ms
[347.990s][info][gc] GC(44) Pause Young (Allocation Failure) 9M->7M(11M) 0.440ms
[348.001s][info][gc] GC(45) Pause Full (Ergonomics) 7M->5M(11M) 10.831ms
[361.189s][info][gc] GC(46) Pause Young (Allocation Failure) 7M->5M(11M) 0.425ms
[381.217s][info][gc] GC(47) Pause Young (Allocation Failure) 7M->5M(11M) 0.455ms
[401.018s][info][gc] GC(48) Pause Young (Allocation Failure) 7M->5M(11M) 0.371ms
[421.028s][info][gc] GC(49) Pause Young (Allocation Failure) 7M->5M(11M) 0.325ms
[440.295s][info][gc] GC(50) Pause Young (Allocation Failure) 7M->5M(11M) 0.261ms
[460.312s][info][gc] GC(51) Pause Young (Allocation Failure) 7M->5M(11M) 0.230ms
[480.325s][info][gc] GC(52) Pause Young (Allocation Failure) 7M->5M(11M) 0.254ms
[500.339s][info][gc] GC(53) Pause Young (Allocation Failure) 7M->5M(11M) 0.242ms
[520.355s][info][gc] GC(54) Pause Young (Allocation Failure) 7M->5M(11M) 0.353ms
[540.368s][info][gc] GC(55) Pause Young (Allocation Failure) 7M->5M(11M) 0.240ms
[560.386s][info][gc] GC(56) Pause Young (Allocation Failure) 7M->5M(11M) 0.365ms
[580.400s][info][gc] GC(57) Pause Young (Allocation Failure) 7M->5M(11M) 0.353ms
[600.412s][info][gc] GC(58) Pause Young (Allocation Failure) 7M->5M(11M) 0.255ms
[620.086s][info][gc] GC(59) Pause Young (Allocation Failure) 7M->5M(11M) 0.233ms
[640.443s][info][gc] GC(60) Pause Young (Allocation Failure) 7M->5M(11M) 0.380ms
[660.461s][info][gc] GC(61) Pause Young (Allocation Failure) 7M->5M(11M) 0.279ms
[691.478s][info][gc] GC(62) Pause Young (Allocation Failure) 8M->5M(11M) 0.293ms
[722.119s][info][gc] GC(63) Pause Young (Allocation Failure) 8M->6M(11M) 0.263ms
