[0.036s][info][gc] Using G1
[9.673s][info][gc] GC(0) Pause Young (Normal) (G1 Evacuation Pause) 4M->2M(12M) 3.243ms
[9.707s][info][gc] GC(1) Pause Young (Normal) (G1 Evacuation Pause) 3M->2M(12M) 2.074ms
[9.731s][info][gc] GC(2) Pause Young (Normal) (G1 Evacuation Pause) 3M->2M(12M) 1.057ms
[9.775s][info][gc] GC(3) Pause Young (Normal) (G1 Evacuation Pause) 4M->2M(12M) 0.939ms
[9.834s][info][gc] GC(4) Pause Young (Normal) (G1 Evacuation Pause) 4M->3M(12M) 1.699ms
[9.873s][info][gc] GC(5) Pause Young (Normal) (G1 Evacuation Pause) 6M->4M(12M) 2.773ms
[9.896s][info][gc] GC(6) Pause Young (Normal) (G1 Evacuation Pause) 6M->5M(12M) 2.538ms
[9.923s][info][gc] GC(7) Pause Young (Normal) (G1 Evacuation Pause) 6M->5M(12M) 1.321ms
[10.099s][info][gc] GC(8) Pause Young (Normal) (G1 Evacuation Pause) 6M->5M(12M) 1.613ms
[10.147s][info][gc] GC(9) Pause Young (Normal) (G1 Evacuation Pause) 6M->5M(12M) 1.125ms
[10.223s][info][gc] GC(10) Pause Young (Concurrent Start) (G1 Evacuation Pause) 6M->5M(12M) 1.755ms
[10.223s][info][gc] GC(11) Concurrent Mark Cycle
[10.231s][info][gc] GC(11) Pause Remark 6M->5M(12M) 1.798ms
[10.234s][info][gc] GC(11) Pause Cleanup 5M->5M(12M) 0.021ms
[10.235s][info][gc] GC(11) Concurrent Mark Cycle 11.550ms
[10.338s][info][gc] GC(12) Pause Young (Prepare Mixed) (G1 Evacuation Pause) 6M->6M(12M) 2.528ms
[10.430s][info][gc] GC(13) Pause Young (Mixed) (G1 Evacuation Pause) 7M->4M(12M) 2.331ms
[12.607s][info][gc] GC(14) Pause Young (Normal) (G1 Evacuation Pause) 6M->4M(12M) 1.803ms
[25.028s][info][gc] GC(15) Pause Young (Normal) (G1 Evacuation Pause) 6M->4M(12M) 1.438ms
[38.627s][info][gc] GC(16) Pause Young (Normal) (G1 Evacuation Pause) 6M->4M(12M) 1.151ms
[56.636s][info][gc] GC(17) Pause Young (Normal) (G1 Evacuation Pause) 6M->4M(12M) 1.843ms
[75.647s][info][gc] GC(18) Pause Young (Normal) (G1 Evacuation Pause) 6M->4M(12M) 1.305ms
[104.615s][info][gc] GC(19) Pause Young (Normal) (G1 Evacuation Pause) 7M->4M(12M) 1.304ms
[133.624s][info][gc] GC(20) Pause Young (Normal) (G1 Evacuation Pause) 7M->4M(12M) 1.383ms
[157.629s][info][gc] GC(21) Pause Young (Concurrent Start) (G1 Humongous Allocation) 7M->4M(12M) 2.643ms
[157.629s][info][gc] GC(22) Concurrent Undo Cycle
[157.629s][info][gc] GC(22) Concurrent Undo Cycle 0.059ms
[186.714s][info][gc] GC(23) Pause Young (Normal) (G1 Evacuation Pause) 8M->5M(12M) 1.787ms
[205.725s][info][gc] GC(24) Pause Young (Concurrent Start) (G1 Evacuation Pause) 7M->5M(12M) 1.425ms
[205.725s][info][gc] GC(25) Concurrent Mark Cycle
[205.733s][info][gc] GC(25) Pause Remark 5M->5M(12M) 2.930ms
[205.736s][info][gc] GC(25) Pause Cleanup 5M->5M(12M) 0.091ms
[205.736s][info][gc] GC(25) Concurrent Mark Cycle 10.957ms
[225.739s][info][gc] GC(26) Pause Young (Normal) (G1 Evacuation Pause) 7M->5M(12M) 1.298ms
[236.621s][info][gc] GC(27) Pause Young (Concurrent Start) (G1 Humongous Allocation) 6M->5M(12M) 1.242ms
[236.621s][info][gc] GC(28) Concurrent Mark Cycle
[236.628s][info][gc] GC(29) Pause Young (Normal) (G1 Evacuation Pause) 8M->6M(12M) 1.072ms
[236.630s][info][gc] GC(28) Pause Remark 6M->6M(12M) 1.871ms
[236.633s][info][gc] GC(28) Pause Cleanup 7M->7M(12M) 0.025ms
[236.633s][info][gc] GC(28) Concurrent Mark Cycle 12.730ms
[236.637s][info][gc] GC(30) Pause Young (Normal) (G1 Evacuation Pause) 7M->6M(12M) 1.302ms
[236.645s][info][gc] GC(31) Pause Young (Concurrent Start) (G1 Evacuation Pause) 7M->6M(12M) 1.397ms
[236.645s][info][gc] GC(32) Concurrent Mark Cycle
[236.652s][info][gc] GC(33) Pause Young (Normal) (G1 Evacuation Pause) 7M->6M(12M) 1.277ms
[236.656s][info][gc] GC(32) Pause Remark 7M->7M(12M) 1.862ms
[236.660s][info][gc] GC(34) Pause Young (Normal) (G1 Evacuation Pause) 7M->6M(12M) 0.859ms
[236.661s][info][gc] GC(32) Pause Cleanup 7M->7M(12M) 0.028ms
[236.661s][info][gc] GC(32) Concurrent Mark Cycle 15.977ms
[236.663s][info][gc] GC(35) Pause Young (Normal) (G1 Evacuation Pause) 7M->6M(12M) 0.747ms
[236.666s][info][gc] GC(36) Pause Young (Concurrent Start) (G1 Evacuation Pause) 7M->6M(12M) 0.775ms
[236.666s][info][gc] GC(37) Concurrent Mark Cycle
[236.668s][info][gc] GC(38) Pause Young (Normal) (G1 Evacuation Pause) 7M->6M(12M) 0.514ms
[236.671s][info][gc] GC(39) Pause Young (Normal) (G1 Evacuation Pause) 7M->7M(12M) 0.410ms
[236.672s][info][gc] GC(40) Pause Young (Normal) (G1 Evacuation Pause) 8M->7M(12M) 0.598ms
[236.674s][info][gc] GC(41) Pause Young (Normal) (G1 Evacuation Pause) 8M->7M(12M) 0.690ms
[236.677s][info][gc] GC(37) Pause Remark 7M->7M(12M) 2.964ms
[236.680s][info][gc] GC(42) Pause Young (Normal) (G1 Evacuation Pause) 8M->7M(12M) 0.393ms
[236.681s][info][gc] GC(37) Pause Cleanup 7M->7M(12M) 0.066ms
[236.681s][info][gc] GC(37) Concurrent Mark Cycle 15.122ms
[236.682s][info][gc] GC(43) Pause Young (Normal) (G1 Evacuation Pause) 8M->7M(12M) 0.360ms
[236.684s][info][gc] GC(44) Pause Young (Concurrent Start) (G1 Evacuation Pause) 8M->7M(12M) 0.435ms
[236.684s][info][gc] GC(45) Concurrent Mark Cycle
[236.685s][info][gc] GC(46) Pause Young (Normal) (G1 Evacuation Pause) 8M->7M(12M) 0.258ms
[236.687s][info][gc] GC(47) Pause Young (Normal) (G1 Evacuation Pause) 8M->7M(12M) 0.250ms
[236.688s][info][gc] GC(48) Pause Young (Normal) (G1 Evacuation Pause) 8M->7M(12M) 0.274ms
[236.689s][info][gc] GC(49) Pause Young (Normal) (G1 Evacuation Pause) 8M->7M(12M) 0.293ms
[236.692s][info][gc] GC(45) Pause Remark 7M->7M(12M) 2.461ms
[236.694s][info][gc] GC(50) Pause Young (Normal) (G1 Evacuation Pause) 8M->7M(12M) 0.330ms
[236.696s][info][gc] GC(51) Pause Young (Normal) (G1 Evacuation Pause) 8M->7M(12M) 0.354ms
[236.696s][info][gc] GC(45) Pause Cleanup 8M->8M(12M) 0.068ms
[236.696s][info][gc] GC(45) Concurrent Mark Cycle 12.571ms
[236.697s][info][gc] GC(52) Pause Young (Prepare Mixed) (G1 Evacuation Pause) 8M->7M(12M) 0.207ms
[236.700s][info][gc] GC(53) Pause Young (Mixed) (G1 Preventive Collection) 8M->7M(12M) 1.195ms
[236.701s][info][gc] GC(54) Pause Young (Concurrent Start) (G1 Evacuation Pause) 8M->7M(12M) 0.366ms
[236.701s][info][gc] GC(55) Concurrent Mark Cycle
[236.703s][info][gc] GC(56) Pause Young (Normal) (G1 Evacuation Pause) 8M->7M(12M) 0.258ms
[236.704s][info][gc] GC(57) Pause Young (Normal) (G1 Evacuation Pause) 8M->7M(12M) 0.229ms
[236.705s][info][gc] GC(58) Pause Young (Normal) (G1 Evacuation Pause) 8M->7M(12M) 0.236ms
[236.708s][info][gc] GC(55) Pause Remark 8M->8M(12M) 1.583ms
[236.712s][info][gc] GC(55) Pause Cleanup 8M->8M(12M) 0.024ms
[236.712s][info][gc] GC(55) Concurrent Mark Cycle 10.466ms
[236.755s][info][gc] GC(59) Pause Young (Normal) (G1 Evacuation Pause) 9M->6M(12M) 0.581ms
[245.749s][info][gc] GC(60) Pause Young (Concurrent Start) (G1 Evacuation Pause) 7M->6M(12M) 1.129ms
[245.749s][info][gc] GC(61) Concurrent Mark Cycle
[245.757s][info][gc] GC(61) Pause Remark 6M->6M(12M) 2.667ms
[245.760s][info][gc] GC(61) Pause Cleanup 6M->6M(12M) 0.091ms
[245.760s][info][gc] GC(61) Concurrent Mark Cycle 10.692ms
[254.753s][info][gc] GC(62) Pause Young (Normal) (G1 Evacuation Pause) 7M->5M(12M) 0.807ms
[273.763s][info][gc] GC(63) Pause Young (Concurrent Start) (G1 Evacuation Pause) 7M->5M(12M) 1.057ms
[273.763s][info][gc] GC(64) Concurrent Mark Cycle
[273.771s][info][gc] GC(64) Pause Remark 6M->6M(12M) 1.888ms
[273.773s][info][gc] GC(64) Pause Cleanup 6M->6M(12M) 0.088ms
[273.774s][info][gc] GC(64) Concurrent Mark Cycle 10.130ms
[293.774s][info][gc] GC(65) Pause Young (Normal) (G1 Evacuation Pause) 7M->5M(12M) 1.037ms
[312.671s][info][gc] GC(66) Pause Young (Concurrent Start) (G1 Evacuation Pause) 7M->5M(12M) 0.681ms
[312.671s][info][gc] GC(67) Concurrent Mark Cycle
[312.681s][info][gc] GC(67) Pause Remark 6M->6M(12M) 2.680ms
[312.684s][info][gc] GC(67) Pause Cleanup 6M->6M(12M) 0.028ms
[312.684s][info][gc] GC(67) Concurrent Mark Cycle 13.774ms
[331.803s][info][gc] GC(68) Pause Young (Normal) (G1 Evacuation Pause) 7M->5M(12M) 0.671ms
[347.795s][info][gc] GC(69) Pause Young (Concurrent Start) (G1 Humongous Allocation) 7M->5M(12M) 0.598ms
[347.795s][info][gc] GC(70) Concurrent Mark Cycle
[347.804s][info][gc] GC(70) Pause Remark 6M->6M(12M) 3.056ms
[347.807s][info][gc] GC(70) Pause Cleanup 6M->6M(12M) 0.120ms
[347.807s][info][gc] GC(70) Concurrent Mark Cycle 12.438ms
[366.694s][info][gc] GC(71) Pause Young (Normal) (G1 Evacuation Pause) 8M->5M(12M) 0.905ms
[385.849s][info][gc] GC(72) Pause Young (Concurrent Start) (G1 Evacuation Pause) 7M->5M(12M) 1.020ms
[385.849s][info][gc] GC(73) Concurrent Mark Cycle
[385.856s][info][gc] GC(73) Pause Remark 6M->6M(12M) 2.095ms
[385.859s][info][gc] GC(73) Pause Cleanup 6M->6M(12M) 0.103ms
[385.859s][info][gc] GC(73) Concurrent Mark Cycle 10.197ms
[405.860s][info][gc] GC(74) Pause Young (Normal) (G1 Evacuation Pause) 7M->5M(12M) 0.515ms
[425.716s][info][gc] GC(75) Pause Young (Concurrent Start) (G1 Evacuation Pause) 7M->5M(12M) 1.063ms
[425.716s][info][gc] GC(76) Concurrent Mark Cycle
[425.723s][info][gc] GC(76) Pause Remark 6M->6M(12M) 2.178ms
[425.727s][info][gc] GC(76) Pause Cleanup 6M->6M(12M) 0.024ms
[425.727s][info][gc] GC(76) Concurrent Mark Cycle 10.903ms
[438.259s][info][gc] GC(77) Pause Young (Concurrent Start) (G1 Humongous Allocation) 7M->5M(12M) 0.822ms
[438.259s][info][gc] GC(78) Concurrent Mark Cycle
[438.268s][info][gc] GC(78) Pause Remark 6M->6M(12M) 1.926ms
[438.272s][info][gc] GC(78) Pause Cleanup 6M->6M(12M) 0.158ms
[438.272s][info][gc] GC(78) Concurrent Mark Cycle 12.466ms
[457.910s][info][gc] GC(79) Pause Young (Normal) (G1 Evacuation Pause) 8M->6M(12M) 0.850ms
[467.924s][info][gc] GC(80) Pause Young (Concurrent Start) (G1 Evacuation Pause) 7M->6M(12M) 0.693ms
[467.925s][info][gc] GC(81) Concurrent Mark Cycle
[467.932s][info][gc] GC(81) Pause Remark 7M->7M(12M) 2.045ms
[467.935s][info][gc] GC(81) Pause Cleanup 7M->7M(12M) 0.029ms
[467.935s][info][gc] GC(81) Concurrent Mark Cycle 10.540ms
[477.937s][info][gc] GC(82) Pause Young (Normal) (G1 Evacuation Pause) 7M->6M(12M) 0.555ms
[486.953s][info][gc] GC(83) Pause Young (Concurrent Start) (G1 Evacuation Pause) 7M->6M(12M) 0.586ms
[486.954s][info][gc] GC(84) Concurrent Mark Cycle
[486.965s][info][gc] GC(84) Pause Remark 7M->7M(12M) 2.660ms
[486.968s][info][gc] GC(84) Pause Cleanup 7M->7M(12M) 0.026ms
[486.969s][info][gc] GC(84) Concurrent Mark Cycle 14.976ms
[494.965s][info][gc] GC(85) Pause Young (Normal) (G1 Evacuation Pause) 7M->7M(12M) 0.627ms
[504.978s][info][gc] GC(86) Pause Young (Concurrent Start) (G1 Evacuation Pause) 8M->6M(12M) 0.563ms
[504.978s][info][gc] GC(87) Concurrent Mark Cycle
[504.986s][info][gc] GC(87) Pause Remark 7M->7M(12M) 2.616ms
[504.990s][info][gc] GC(87) Pause Cleanup 7M->7M(12M) 0.031ms
[504.990s][info][gc] GC(87) Concurrent Mark Cycle 11.766ms
[514.753s][info][gc] GC(88) Pause Young (Normal) (G1 Evacuation Pause) 7M->6M(12M) 0.526ms
[524.005s][info][gc] GC(89) Pause Young (Concurrent Start) (G1 Evacuation Pause) 7M->7M(12M) 0.485ms
[524.005s][info][gc] GC(90) Concurrent Mark Cycle
[524.013s][info][gc] GC(90) Pause Remark 7M->7M(12M) 2.667ms
[524.016s][info][gc] GC(90) Pause Cleanup 7M->7M(12M) 0.026ms
[524.016s][info][gc] GC(90) Concurrent Mark Cycle 11.026ms
[533.024s][info][gc] GC(91) Pause Young (Normal) (G1 Evacuation Pause) 8M->7M(12M) 0.521ms
[543.040s][info][gc] GC(92) Pause Young (Concurrent Start) (G1 Evacuation Pause) 8M->7M(12M) 0.555ms
[543.040s][info][gc] GC(93) Concurrent Mark Cycle
[543.048s][info][gc] GC(93) Pause Remark 7M->7M(12M) 2.944ms
[543.051s][info][gc] GC(93) Pause Cleanup 7M->7M(12M) 0.068ms
[543.051s][info][gc] GC(93) Concurrent Mark Cycle 11.099ms
[552.774s][info][gc] GC(94) Pause Young (Normal) (G1 Evacuation Pause) 8M->6M(12M) 0.568ms
[562.062s][info][gc] GC(95) Pause Young (Concurrent Start) (G1 Evacuation Pause) 7M->6M(12M) 0.737ms
[562.063s][info][gc] GC(96) Concurrent Mark Cycle
[562.071s][info][gc] GC(96) Pause Remark 6M->6M(12M) 2.822ms
[562.073s][info][gc] GC(96) Pause Cleanup 6M->6M(12M) 0.093ms
[562.074s][info][gc] GC(96) Concurrent Mark Cycle 11.141ms
[582.077s][info][gc] GC(97) Pause Young (Normal) (G1 Evacuation Pause) 8M->6M(12M) 0.851ms
[602.091s][info][gc] GC(98) Pause Young (Concurrent Start) (G1 Evacuation Pause) 8M->6M(12M) 0.864ms
[602.091s][info][gc] GC(99) Concurrent Mark Cycle
[602.099s][info][gc] GC(99) Pause Remark 6M->6M(12M) 2.107ms
[602.102s][info][gc] GC(99) Pause Cleanup 6M->6M(12M) 0.104ms
[602.102s][info][gc] GC(99) Concurrent Mark Cycle 10.650ms
[621.106s][info][gc] GC(100) Pause Young (Normal) (G1 Evacuation Pause) 8M->6M(12M) 1.040ms
[641.119s][info][gc] GC(101) Pause Young (Concurrent Start) (G1 Evacuation Pause) 8M->6M(12M) 0.535ms
[641.119s][info][gc] GC(102) Concurrent Mark Cycle
[641.127s][info][gc] GC(102) Pause Remark 6M->6M(12M) 1.965ms
[641.130s][info][gc] GC(102) Pause Cleanup 6M->6M(12M) 0.090ms
[641.130s][info][gc] GC(102) Concurrent Mark Cycle 10.329ms
[661.135s][info][gc] GC(103) Pause Young (Normal) (G1 Evacuation Pause) 8M->6M(12M) 0.679ms
[681.151s][info][gc] GC(104) Pause Young (Concurrent Start) (G1 Evacuation Pause) 8M->6M(12M) 0.664ms
[681.151s][info][gc] GC(105) Concurrent Mark Cycle
[681.157s][info][gc] GC(105) Pause Remark 6M->6M(12M) 2.005ms
[681.160s][info][gc] GC(105) Pause Cleanup 6M->6M(12M) 0.101ms
[681.160s][info][gc] GC(105) Concurrent Mark Cycle 9.889ms
[701.163s][info][gc] GC(106) Pause Young (Normal) (G1 Evacuation Pause) 8M->6M(12M) 0.567ms
[721.177s][info][gc] GC(107) Pause Young (Concurrent Start) (G1 Evacuation Pause) 8M->6M(12M) 0.565ms
[721.177s][info][gc] GC(108) Concurrent Mark Cycle
[721.188s][info][gc] GC(108) Pause Remark 6M->6M(12M) 2.633ms
[721.191s][info][gc] GC(108) Pause Cleanup 6M->6M(12M) 0.029ms
[721.192s][info][gc] GC(108) Concurrent Mark Cycle 14.647ms
